
> portfolio@1.0.0 build
> vite build

[36mvite v5.4.21 [32mbuilding for production...[36m[39m
transforming...
[32mΓ£ô[39m 49 modules transformed.
node.exe : [31mx[39m Build 
failed in 640ms
At line:1 char:1
+ & "C:\Program 
Files\nodejs/node.exe" "C:\Us
ers\raufn\AppData\Roaming\ 
...
+ ~~~~~~~~~~~~~~~~~~~~~~~~~~~
~~~~~~~~~~~~~~~~~~~~~~~~~~~~~
~~~~~~~~~~~~~
    + CategoryInfo           
   : NotSpecified: ([31mx  
  [39m Build failed in 640   
 ms:String) [], RemoteExc    
eption
    + FullyQualifiedErrorId  
   : NativeCommandError
 
[31merror during build:
[31msrc/sections/Skills.jsx 
(9:9): "CORE_SKILLS" is not 
exported by 
"src/data/skills.js", 
imported by "src/sections/Ski
lls.jsx".[31m
file: [36mC:/Users/raufn/Doc
uments/About-me/portfolio/src
/sections/Skills.jsx:9:9[31m
[33m
 7: 
 8: import Section from 
"../components/Section";
 9: import { CORE_SKILLS, 
SECONDARY_SKILLS, 
SKILL_CATEGORIES } from 
"../data/skills";
             ^
10: 
11: /* ΓöÇΓöÇ Skill bar with 
fill level ΓöÇΓöÇ */
[31m
    at getRollupError (file:/
//C:/Users/raufn/Documents/Ab
out-me/portfolio/node_modules
/rollup/dist/es/shared/parseA
st.js:402:41)
    at error (file:///C:/User
s/raufn/Documents/About-me/po
rtfolio/node_modules/rollup/d
ist/es/shared/parseAst.js:398
:42)
    at Module.error (file:///
C:/Users/raufn/Documents/Abou
t-me/portfolio/node_modules/r
ollup/dist/es/shared/node-ent
ry.js:17040:16)
    at Module.traceVariable (
file:///C:/Users/raufn/Docume
nts/About-me/portfolio/node_m
odules/rollup/dist/es/shared/
node-entry.js:17452:29)
    at 
ModuleScope.findVariable (fil
e:///C:/Users/raufn/Documents
/About-me/portfolio/node_modu
les/rollup/dist/es/shared/nod
e-entry.js:15070:39)
    at 
FunctionScope.findVariable (f
ile:///C:/Users/raufn/Documen
ts/About-me/portfolio/node_mo
dules/rollup/dist/es/shared/n
ode-entry.js:5673:38)
    at FunctionBodyScope.find
Variable (file:///C:/Users/ra
ufn/Documents/About-me/portfo
lio/node_modules/rollup/dist/
es/shared/node-entry.js:5673:
38)
    at MemberExpression.bind 
(file:///C:/Users/raufn/Docum
ents/About-me/portfolio/node_
modules/rollup/dist/es/shared
/node-entry.js:7392:49)
    at CallExpression.bind (f
ile:///C:/Users/raufn/Documen
ts/About-me/portfolio/node_mo
dules/rollup/dist/es/shared/n
ode-entry.js:2829:23)
    at CallExpression.bind (f
ile:///C:/Users/raufn/Documen
ts/About-me/portfolio/node_mo
dules/rollup/dist/es/shared/n
ode-entry.js:12179:15)[39m
